# @generated by Buffham
import dataclasses
from typing import Self

from emb.network.serialize import bh_cobs
from emb.network.transport import transporter
from nlb.buffham import bh

@dataclasses.dataclass
class Ping:
    ping: int

    def serialize(self) -> bytes: ...

    @classmethod
    def deserialize(cls, buffer: bytes) -> tuple[Self, int]: ...

@dataclasses.dataclass
class FlashPage:
    address: int
    data: list[int]
    read_size: int

    def serialize(self) -> bytes: ...

    @classmethod
    def deserialize(cls, buffer: bytes) -> tuple[Self, int]: ...

@dataclasses.dataclass
class LogMessage:
    message: str

    def serialize(self) -> bytes: ...

    @classmethod
    def deserialize(cls, buffer: bytes) -> tuple[Self, int]: ...

@dataclasses.dataclass
class NestedMessage:
    flag: int
    message: LogMessage
    numbers: list[int]
    pong: Ping

    def serialize(self) -> bytes: ...

    @classmethod
    def deserialize(cls, buffer: bytes) -> tuple[Self, int]: ...

class SampleSerializer(bh_cobs.BhCobs):
    def __init__(self, registry: bh_cobs.Registry | None = None): ...

class SampleNode[Transporter: transporter.TransporterLike](bh.BhNode[SampleSerializer, Transporter]):
    def __init__(self, serializer: SampleSerializer | None = None, transporter: Transporter | None = None): ...

PING: bh.Transaction[Ping, LogMessage] = ...
FLASH_PAGE: bh.Transaction[FlashPage, FlashPage] = ...
READ_FLASH_PAGE: bh.Transaction[FlashPage, FlashPage] = ...
