# Sample template

Here's a neat sample template where we can generate files that reference Buffham constants, like 2 + 4 + 2.
